<?xml version="1.0"?>
<link_info>
   <banner>MSP430 Linker PC v16.9.4.LTS</banner>
   <copyright>Copyright (c) 2003-2017 Texas Instruments Incorporated</copyright>
   <link_time>0x6384d99d</link_time>
   <link_errors>0x0</link_errors>
   <output_file>Pong_base.out</output_file>
   <entry_point>
      <name>_c_int00_noargs_noexit</name>
      <address>0x5c6e</address>
   </entry_point>
   <input_file_list>
      <input_file id="fl-2">
         <path>.\</path>
         <kind>object</kind>
         <file>ball_movement.obj</file>
         <name>ball_movement.obj</name>
      </input_file>
      <input_file id="fl-3">
         <path>.\</path>
         <kind>object</kind>
         <file>gamemenu.obj</file>
         <name>gamemenu.obj</name>
      </input_file>
      <input_file id="fl-4">
         <path>.\</path>
         <kind>object</kind>
         <file>informationboard.obj</file>
         <name>informationboard.obj</name>
      </input_file>
      <input_file id="fl-5">
         <path>.\</path>
         <kind>object</kind>
         <file>pong.obj</file>
         <name>pong.obj</name>
      </input_file>
      <input_file id="fl-6">
         <path>.\hal_libraries\</path>
         <kind>object</kind>
         <file>hal_UCS.obj</file>
         <name>hal_UCS.obj</name>
      </input_file>
      <input_file id="fl-7">
         <path>.\hal_libraries\</path>
         <kind>object</kind>
         <file>hal_lcd.obj</file>
         <name>hal_lcd.obj</name>
      </input_file>
      <input_file id="fl-8">
         <path>.\hal_libraries\</path>
         <kind>object</kind>
         <file>hal_lcd_fonts.obj</file>
         <name>hal_lcd_fonts.obj</name>
      </input_file>
      <input_file id="fl-9">
         <path>.\hal_libraries\</path>
         <kind>object</kind>
         <file>hal_pmm.obj</file>
         <name>hal_pmm.obj</name>
      </input_file>
      <input_file id="fl-f">
         <kind>object</kind>
         <file>&lt;internal&gt;</file>
         <name>&lt;internal&gt;</name>
      </input_file>
      <input_file id="fl-2a">
         <path>C:\Apps\TI\ccsv7\tools\compiler\ti-cgt-msp430_16.9.4.LTS\lib\</path>
         <kind>archive</kind>
         <file>rts430x_lc_rd_eabi.lib</file>
         <name>boot.obj</name>
      </input_file>
      <input_file id="fl-2b">
         <path>C:\Apps\TI\ccsv7\tools\compiler\ti-cgt-msp430_16.9.4.LTS\lib\</path>
         <kind>archive</kind>
         <file>rts430x_lc_rd_eabi.lib</file>
         <name>boot_special.obj</name>
      </input_file>
      <input_file id="fl-2c">
         <path>C:\Apps\TI\ccsv7\tools\compiler\ti-cgt-msp430_16.9.4.LTS\lib\</path>
         <kind>archive</kind>
         <file>rts430x_lc_rd_eabi.lib</file>
         <name>copy_decompress_lzss.obj</name>
      </input_file>
      <input_file id="fl-2d">
         <path>C:\Apps\TI\ccsv7\tools\compiler\ti-cgt-msp430_16.9.4.LTS\lib\</path>
         <kind>archive</kind>
         <file>rts430x_lc_rd_eabi.lib</file>
         <name>copy_decompress_none.obj</name>
      </input_file>
      <input_file id="fl-2e">
         <path>C:\Apps\TI\ccsv7\tools\compiler\ti-cgt-msp430_16.9.4.LTS\lib\</path>
         <kind>archive</kind>
         <file>rts430x_lc_rd_eabi.lib</file>
         <name>copy_zero_init.obj</name>
      </input_file>
      <input_file id="fl-2f">
         <path>C:\Apps\TI\ccsv7\tools\compiler\ti-cgt-msp430_16.9.4.LTS\lib\</path>
         <kind>archive</kind>
         <file>rts430x_lc_rd_eabi.lib</file>
         <name>exit.obj</name>
      </input_file>
      <input_file id="fl-30">
         <path>C:\Apps\TI\ccsv7\tools\compiler\ti-cgt-msp430_16.9.4.LTS\lib\</path>
         <kind>archive</kind>
         <file>rts430x_lc_rd_eabi.lib</file>
         <name>exit_gvars.obj</name>
      </input_file>
      <input_file id="fl-31">
         <path>C:\Apps\TI\ccsv7\tools\compiler\ti-cgt-msp430_16.9.4.LTS\lib\</path>
         <kind>archive</kind>
         <file>rts430x_lc_rd_eabi.lib</file>
         <name>int41.obj</name>
      </input_file>
      <input_file id="fl-32">
         <path>C:\Apps\TI\ccsv7\tools\compiler\ti-cgt-msp430_16.9.4.LTS\lib\</path>
         <kind>archive</kind>
         <file>rts430x_lc_rd_eabi.lib</file>
         <name>int42.obj</name>
      </input_file>
      <input_file id="fl-33">
         <path>C:\Apps\TI\ccsv7\tools\compiler\ti-cgt-msp430_16.9.4.LTS\lib\</path>
         <kind>archive</kind>
         <file>rts430x_lc_rd_eabi.lib</file>
         <name>int43.obj</name>
      </input_file>
      <input_file id="fl-34">
         <path>C:\Apps\TI\ccsv7\tools\compiler\ti-cgt-msp430_16.9.4.LTS\lib\</path>
         <kind>archive</kind>
         <file>rts430x_lc_rd_eabi.lib</file>
         <name>int44.obj</name>
      </input_file>
      <input_file id="fl-35">
         <path>C:\Apps\TI\ccsv7\tools\compiler\ti-cgt-msp430_16.9.4.LTS\lib\</path>
         <kind>archive</kind>
         <file>rts430x_lc_rd_eabi.lib</file>
         <name>int45.obj</name>
      </input_file>
      <input_file id="fl-36">
         <path>C:\Apps\TI\ccsv7\tools\compiler\ti-cgt-msp430_16.9.4.LTS\lib\</path>
         <kind>archive</kind>
         <file>rts430x_lc_rd_eabi.lib</file>
         <name>int46.obj</name>
      </input_file>
      <input_file id="fl-37">
         <path>C:\Apps\TI\ccsv7\tools\compiler\ti-cgt-msp430_16.9.4.LTS\lib\</path>
         <kind>archive</kind>
         <file>rts430x_lc_rd_eabi.lib</file>
         <name>int47.obj</name>
      </input_file>
      <input_file id="fl-38">
         <path>C:\Apps\TI\ccsv7\tools\compiler\ti-cgt-msp430_16.9.4.LTS\lib\</path>
         <kind>archive</kind>
         <file>rts430x_lc_rd_eabi.lib</file>
         <name>int48.obj</name>
      </input_file>
      <input_file id="fl-39">
         <path>C:\Apps\TI\ccsv7\tools\compiler\ti-cgt-msp430_16.9.4.LTS\lib\</path>
         <kind>archive</kind>
         <file>rts430x_lc_rd_eabi.lib</file>
         <name>int50.obj</name>
      </input_file>
      <input_file id="fl-3a">
         <path>C:\Apps\TI\ccsv7\tools\compiler\ti-cgt-msp430_16.9.4.LTS\lib\</path>
         <kind>archive</kind>
         <file>rts430x_lc_rd_eabi.lib</file>
         <name>int51.obj</name>
      </input_file>
      <input_file id="fl-3b">
         <path>C:\Apps\TI\ccsv7\tools\compiler\ti-cgt-msp430_16.9.4.LTS\lib\</path>
         <kind>archive</kind>
         <file>rts430x_lc_rd_eabi.lib</file>
         <name>int52.obj</name>
      </input_file>
      <input_file id="fl-3c">
         <path>C:\Apps\TI\ccsv7\tools\compiler\ti-cgt-msp430_16.9.4.LTS\lib\</path>
         <kind>archive</kind>
         <file>rts430x_lc_rd_eabi.lib</file>
         <name>int53.obj</name>
      </input_file>
      <input_file id="fl-3d">
         <path>C:\Apps\TI\ccsv7\tools\compiler\ti-cgt-msp430_16.9.4.LTS\lib\</path>
         <kind>archive</kind>
         <file>rts430x_lc_rd_eabi.lib</file>
         <name>int54.obj</name>
      </input_file>
      <input_file id="fl-3e">
         <path>C:\Apps\TI\ccsv7\tools\compiler\ti-cgt-msp430_16.9.4.LTS\lib\</path>
         <kind>archive</kind>
         <file>rts430x_lc_rd_eabi.lib</file>
         <name>int56.obj</name>
      </input_file>
      <input_file id="fl-3f">
         <path>C:\Apps\TI\ccsv7\tools\compiler\ti-cgt-msp430_16.9.4.LTS\lib\</path>
         <kind>archive</kind>
         <file>rts430x_lc_rd_eabi.lib</file>
         <name>int57.obj</name>
      </input_file>
      <input_file id="fl-40">
         <path>C:\Apps\TI\ccsv7\tools\compiler\ti-cgt-msp430_16.9.4.LTS\lib\</path>
         <kind>archive</kind>
         <file>rts430x_lc_rd_eabi.lib</file>
         <name>int58.obj</name>
      </input_file>
      <input_file id="fl-41">
         <path>C:\Apps\TI\ccsv7\tools\compiler\ti-cgt-msp430_16.9.4.LTS\lib\</path>
         <kind>archive</kind>
         <file>rts430x_lc_rd_eabi.lib</file>
         <name>int60.obj</name>
      </input_file>
      <input_file id="fl-42">
         <path>C:\Apps\TI\ccsv7\tools\compiler\ti-cgt-msp430_16.9.4.LTS\lib\</path>
         <kind>archive</kind>
         <file>rts430x_lc_rd_eabi.lib</file>
         <name>int61.obj</name>
      </input_file>
      <input_file id="fl-43">
         <path>C:\Apps\TI\ccsv7\tools\compiler\ti-cgt-msp430_16.9.4.LTS\lib\</path>
         <kind>archive</kind>
         <file>rts430x_lc_rd_eabi.lib</file>
         <name>int62.obj</name>
      </input_file>
      <input_file id="fl-44">
         <path>C:\Apps\TI\ccsv7\tools\compiler\ti-cgt-msp430_16.9.4.LTS\lib\</path>
         <kind>archive</kind>
         <file>rts430x_lc_rd_eabi.lib</file>
         <name>isr_trap.obj</name>
      </input_file>
      <input_file id="fl-45">
         <path>C:\Apps\TI\ccsv7\tools\compiler\ti-cgt-msp430_16.9.4.LTS\lib\</path>
         <kind>archive</kind>
         <file>rts430x_lc_rd_eabi.lib</file>
         <name>lsl16.obj</name>
      </input_file>
      <input_file id="fl-46">
         <path>C:\Apps\TI\ccsv7\tools\compiler\ti-cgt-msp430_16.9.4.LTS\lib\</path>
         <kind>archive</kind>
         <file>rts430x_lc_rd_eabi.lib</file>
         <name>lsr32.obj</name>
      </input_file>
      <input_file id="fl-47">
         <path>C:\Apps\TI\ccsv7\tools\compiler\ti-cgt-msp430_16.9.4.LTS\lib\</path>
         <kind>archive</kind>
         <file>rts430x_lc_rd_eabi.lib</file>
         <name>memcpy.obj</name>
      </input_file>
      <input_file id="fl-48">
         <path>C:\Apps\TI\ccsv7\tools\compiler\ti-cgt-msp430_16.9.4.LTS\lib\</path>
         <kind>archive</kind>
         <file>rts430x_lc_rd_eabi.lib</file>
         <name>mpu_init.obj</name>
      </input_file>
      <input_file id="fl-49">
         <path>C:\Apps\TI\ccsv7\tools\compiler\ti-cgt-msp430_16.9.4.LTS\lib\</path>
         <kind>archive</kind>
         <file>rts430x_lc_rd_eabi.lib</file>
         <name>mult16.obj</name>
      </input_file>
      <input_file id="fl-4a">
         <path>C:\Apps\TI\ccsv7\tools\compiler\ti-cgt-msp430_16.9.4.LTS\lib\</path>
         <kind>archive</kind>
         <file>rts430x_lc_rd_eabi.lib</file>
         <name>mult1632_f5hw.obj</name>
      </input_file>
      <input_file id="fl-4b">
         <path>C:\Apps\TI\ccsv7\tools\compiler\ti-cgt-msp430_16.9.4.LTS\lib\</path>
         <kind>archive</kind>
         <file>rts430x_lc_rd_eabi.lib</file>
         <name>mult16_f5hw.obj</name>
      </input_file>
      <input_file id="fl-4c">
         <path>C:\Apps\TI\ccsv7\tools\compiler\ti-cgt-msp430_16.9.4.LTS\lib\</path>
         <kind>archive</kind>
         <file>rts430x_lc_rd_eabi.lib</file>
         <name>mult32.obj</name>
      </input_file>
      <input_file id="fl-4d">
         <path>C:\Apps\TI\ccsv7\tools\compiler\ti-cgt-msp430_16.9.4.LTS\lib\</path>
         <kind>archive</kind>
         <file>rts430x_lc_rd_eabi.lib</file>
         <name>mult3264_f5hw.obj</name>
      </input_file>
      <input_file id="fl-4e">
         <path>C:\Apps\TI\ccsv7\tools\compiler\ti-cgt-msp430_16.9.4.LTS\lib\</path>
         <kind>archive</kind>
         <file>rts430x_lc_rd_eabi.lib</file>
         <name>mult32_f5hw.obj</name>
      </input_file>
      <input_file id="fl-4f">
         <path>C:\Apps\TI\ccsv7\tools\compiler\ti-cgt-msp430_16.9.4.LTS\lib\</path>
         <kind>archive</kind>
         <file>rts430x_lc_rd_eabi.lib</file>
         <name>mult64_f5hw.obj</name>
      </input_file>
      <input_file id="fl-50">
         <path>C:\Apps\TI\ccsv7\tools\compiler\ti-cgt-msp430_16.9.4.LTS\lib\</path>
         <kind>archive</kind>
         <file>rts430x_lc_rd_eabi.lib</file>
         <name>pre_init.obj</name>
      </input_file>
      <input_file id="fl-51">
         <path>C:\Apps\TI\ccsv7\tools\compiler\ti-cgt-msp430_16.9.4.LTS\lib\</path>
         <kind>archive</kind>
         <file>rts430x_lc_rd_eabi.lib</file>
         <name>_lock.obj</name>
      </input_file>
      <input_file id="fl-52">
         <path>C:\Apps\TI\ccsv7\tools\compiler\ti-cgt-msp430_16.9.4.LTS\lib\</path>
         <kind>archive</kind>
         <file>rts430x_lc_rd_eabi.lib</file>
         <name>args_main.obj</name>
      </input_file>
      <input_file id="fl-53">
         <path>C:\Apps\TI\ccsv7\tools\compiler\ti-cgt-msp430_16.9.4.LTS\lib\</path>
         <kind>archive</kind>
         <file>rts430x_lc_rd_eabi.lib</file>
         <name>autoinit_wdt.obj</name>
      </input_file>
      <input_file id="fl-54">
         <path>C:\Apps\TI\ccsv7\tools\compiler\ti-cgt-msp430_16.9.4.LTS\lib\</path>
         <kind>archive</kind>
         <file>rts430x_lc_rd_eabi.lib</file>
         <name>cpy_tbl.obj</name>
      </input_file>
      <input_file id="fl-55">
         <path>C:\Apps\TI\ccsv7\tools\compiler\ti-cgt-msp430_16.9.4.LTS\lib\</path>
         <kind>archive</kind>
         <file>rts430x_lc_rd_eabi.lib</file>
         <name>startup.obj</name>
      </input_file>
   </input_file_list>
   <object_component_list>
      <object_component id="oc-4fb">
         <name>.common:active_menu_id</name>
         <uninitialized>true</uninitialized>
         <run_address>0x2aaa</run_address>
         <size>0x2</size>
      </object_component>
      <object_component id="oc-40d">
         <name>.common:InputUpdatePending</name>
         <uninitialized>true</uninitialized>
         <run_address>0x2aa2</run_address>
         <size>0x2</size>
      </object_component>
      <object_component id="oc-40a">
         <name>.common:BallUpdatePending</name>
         <uninitialized>true</uninitialized>
         <run_address>0x2aa0</run_address>
         <size>0x2</size>
      </object_component>
      <object_component id="oc-3fe">
         <name>.common:LCDUpdatePending</name>
         <uninitialized>true</uninitialized>
         <run_address>0x2aa4</run_address>
         <size>0x2</size>
      </object_component>
      <object_component id="oc-509">
         <name>.common:ballState</name>
         <uninitialized>true</uninitialized>
         <run_address>0x2aac</run_address>
         <size>0x2</size>
      </object_component>
      <object_component id="oc-537">
         <name>.common:xBall</name>
         <uninitialized>true</uninitialized>
         <run_address>0x2ab2</run_address>
         <size>0x2</size>
      </object_component>
      <object_component id="oc-538">
         <name>.common:yBall</name>
         <uninitialized>true</uninitialized>
         <run_address>0x2ac0</run_address>
         <size>0x2</size>
      </object_component>
      <object_component id="oc-55f">
         <name>.common:xBall_old</name>
         <uninitialized>true</uninitialized>
         <run_address>0x2ab4</run_address>
         <size>0x2</size>
      </object_component>
      <object_component id="oc-560">
         <name>.common:yBall_old</name>
         <uninitialized>true</uninitialized>
         <run_address>0x2ac2</run_address>
         <size>0x2</size>
      </object_component>
      <object_component id="oc-55d">
         <name>.common:xBall_old2</name>
         <uninitialized>true</uninitialized>
         <run_address>0x2ab6</run_address>
         <size>0x2</size>
      </object_component>
      <object_component id="oc-55e">
         <name>.common:yBall_old2</name>
         <uninitialized>true</uninitialized>
         <run_address>0x2ac4</run_address>
         <size>0x2</size>
      </object_component>
      <object_component id="oc-516">
         <name>.common:xR1</name>
         <uninitialized>true</uninitialized>
         <run_address>0x2ab8</run_address>
         <size>0x2</size>
      </object_component>
      <object_component id="oc-517">
         <name>.common:yR1</name>
         <uninitialized>true</uninitialized>
         <run_address>0x2ac6</run_address>
         <size>0x2</size>
      </object_component>
      <object_component id="oc-518">
         <name>.common:xR1_old</name>
         <uninitialized>true</uninitialized>
         <run_address>0x2aba</run_address>
         <size>0x2</size>
      </object_component>
      <object_component id="oc-519">
         <name>.common:yR1_old</name>
         <uninitialized>true</uninitialized>
         <run_address>0x2ac8</run_address>
         <size>0x2</size>
      </object_component>
      <object_component id="oc-525">
         <name>.common:R1Dir</name>
         <uninitialized>true</uninitialized>
         <run_address>0x2aa6</run_address>
         <size>0x2</size>
      </object_component>
      <object_component id="oc-51a">
         <name>.common:xR2</name>
         <uninitialized>true</uninitialized>
         <run_address>0x2abc</run_address>
         <size>0x2</size>
      </object_component>
      <object_component id="oc-51b">
         <name>.common:yR2</name>
         <uninitialized>true</uninitialized>
         <run_address>0x2aca</run_address>
         <size>0x2</size>
      </object_component>
      <object_component id="oc-51c">
         <name>.common:xR2_old</name>
         <uninitialized>true</uninitialized>
         <run_address>0x2abe</run_address>
         <size>0x2</size>
      </object_component>
      <object_component id="oc-51d">
         <name>.common:yR2_old</name>
         <uninitialized>true</uninitialized>
         <run_address>0x2acc</run_address>
         <size>0x2</size>
      </object_component>
      <object_component id="oc-526">
         <name>.common:R2Dir</name>
         <uninitialized>true</uninitialized>
         <run_address>0x2aa8</run_address>
         <size>0x2</size>
      </object_component>
      <object_component id="oc-530">
         <name>.common:p1_life_counter</name>
         <uninitialized>true</uninitialized>
         <run_address>0x2aae</run_address>
         <size>0x2</size>
      </object_component>
      <object_component id="oc-528">
         <name>.common:p2_life_counter</name>
         <uninitialized>true</uninitialized>
         <run_address>0x2ab0</run_address>
         <size>0x2</size>
      </object_component>
      <object_component id="oc-40c">
         <name>.common:temp_vcc</name>
         <uninitialized>true</uninitialized>
         <run_address>0x2a9c</run_address>
         <size>0x4</size>
      </object_component>
      <object_component id="oc-5a3">
         <name>.common:LCD_MEM</name>
         <uninitialized>true</uninitialized>
         <run_address>0x1c00</run_address>
         <size>0xe9c</size>
      </object_component>
      <object_component id="oc-407">
         <name>.data</name>
         <load_address>0x2b52</load_address>
         <run_address>0x2b52</run_address>
         <size>0x4</size>
         <input_file_ref idref="fl-5"/>
      </object_component>
      <object_component id="oc-521">
         <name>.data:LCD_string</name>
         <load_address>0x2b4c</load_address>
         <run_address>0x2b4c</run_address>
         <size>0x5</size>
         <input_file_ref idref="fl-5"/>
      </object_component>
      <object_component id="oc-588">
         <name>.data:LcdInitMacro</name>
         <load_address>0x2ace</load_address>
         <run_address>0x2ace</run_address>
         <size>0x6c</size>
         <input_file_ref idref="fl-7"/>
      </object_component>
      <object_component id="oc-5a0">
         <name>.data:Draw_Block_Value_Macro</name>
         <load_address>0x2b40</load_address>
         <run_address>0x2b40</run_address>
         <size>0x6</size>
         <input_file_ref idref="fl-7"/>
      </object_component>
      <object_component id="oc-5dc">
         <name>.data:Draw_Block_Address_Macro</name>
         <load_address>0x2b3a</load_address>
         <run_address>0x2b3a</run_address>
         <size>0x6</size>
         <input_file_ref idref="fl-7"/>
      </object_component>
      <object_component id="oc-594">
         <name>.data</name>
         <load_address>0x2b46</load_address>
         <run_address>0x2b46</run_address>
         <size>0x6</size>
         <input_file_ref idref="fl-7"/>
      </object_component>
      <object_component id="oc-379">
         <name>.stack</name>
         <uninitialized>true</uninitialized>
         <run_address>0x5b60</run_address>
         <size>0x4</size>
         <input_file_ref idref="fl-2a"/>
      </object_component>
      <object_component id="oc-674">
         <name>.stack</name>
         <uninitialized>true</uninitialized>
         <run_address>0x5b60</run_address>
         <size>0x0</size>
      </object_component>
      <object_component id="oc-480">
         <name>.text:ball_update</name>
         <load_address>0x10000</load_address>
         <run_address>0x10000</run_address>
         <size>0x59a</size>
         <input_file_ref idref="fl-2"/>
      </object_component>
      <object_component id="oc-5a5">
         <name>.text:halLcdPrint</name>
         <load_address>0x1059a</load_address>
         <run_address>0x1059a</run_address>
         <size>0x17e</size>
         <input_file_ref idref="fl-7"/>
      </object_component>
      <object_component id="oc-486">
         <name>.text:LCD_update</name>
         <load_address>0x10718</load_address>
         <run_address>0x10718</run_address>
         <size>0x174</size>
         <input_file_ref idref="fl-5"/>
      </object_component>
      <object_component id="oc-568">
         <name>.text:halLcdCircle</name>
         <load_address>0x1088c</load_address>
         <run_address>0x1088c</run_address>
         <size>0x11c</size>
         <input_file_ref idref="fl-7"/>
      </object_component>
      <object_component id="oc-4ed">
         <name>.text:halLcdClearScreen</name>
         <load_address>0x109a8</load_address>
         <run_address>0x109a8</run_address>
         <size>0xc4</size>
         <input_file_ref idref="fl-7"/>
      </object_component>
      <object_component id="oc-4fc">
         <name>.text:ActiveMenuDraw</name>
         <load_address>0x10a6c</load_address>
         <run_address>0x10a6c</run_address>
         <size>0xa2</size>
         <input_file_ref idref="fl-3"/>
      </object_component>
      <object_component id="oc-502">
         <name>.text:OldMenuClear</name>
         <load_address>0x10b0e</load_address>
         <run_address>0x10b0e</run_address>
         <size>0x9a</size>
         <input_file_ref idref="fl-3"/>
      </object_component>
      <object_component id="oc-4d5">
         <name>.text:halLcdInit</name>
         <load_address>0x10ba8</load_address>
         <run_address>0x10ba8</run_address>
         <size>0x98</size>
         <input_file_ref idref="fl-7"/>
      </object_component>
      <object_component id="oc-43a">
         <name>.text:halBoardInit</name>
         <load_address>0x10c40</load_address>
         <run_address>0x10c40</run_address>
         <size>0x92</size>
         <input_file_ref idref="fl-5"/>
      </object_component>
      <object_component id="oc-3d3">
         <name>.text:main</name>
         <load_address>0x10cd2</load_address>
         <run_address>0x10cd2</run_address>
         <size>0x92</size>
         <input_file_ref idref="fl-5"/>
      </object_component>
      <object_component id="oc-45e">
         <name>.text:GameMenuInit</name>
         <load_address>0x10d64</load_address>
         <run_address>0x10d64</run_address>
         <size>0x86</size>
         <input_file_ref idref="fl-3"/>
      </object_component>
      <object_component id="oc-3b9">
         <name>.text:_auto_init_hold_wdt</name>
         <load_address>0x10dea</load_address>
         <run_address>0x10dea</run_address>
         <size>0x82</size>
         <input_file_ref idref="fl-53"/>
      </object_component>
      <object_component id="oc-6d">
         <name>.text:decompress:lzss:__TI_decompress_lzss</name>
         <load_address>0x10e6c</load_address>
         <run_address>0x10e6c</run_address>
         <size>0x78</size>
         <input_file_ref idref="fl-2c"/>
      </object_component>
      <object_component id="oc-5f5">
         <name>.text:halLcdDrawCurrentBlock</name>
         <load_address>0x10ee4</load_address>
         <run_address>0x10ee4</run_address>
         <size>0x6c</size>
         <input_file_ref idref="fl-7"/>
      </object_component>
      <object_component id="oc-47a">
         <name>.text:UserInputs_update</name>
         <load_address>0x10f50</load_address>
         <run_address>0x10f50</run_address>
         <size>0x6a</size>
         <input_file_ref idref="fl-5"/>
      </object_component>
      <object_component id="oc-464">
         <name>.text:GameStartInit</name>
         <load_address>0x10fba</load_address>
         <run_address>0x10fba</run_address>
         <size>0x68</size>
         <input_file_ref idref="fl-5"/>
      </object_component>
      <object_component id="oc-56e">
         <name>.text:halLcdPixel</name>
         <load_address>0x11022</load_address>
         <run_address>0x11022</run_address>
         <size>0x68</size>
         <input_file_ref idref="fl-7"/>
      </object_component>
      <object_component id="oc-413">
         <name>.text:copy_in</name>
         <load_address>0x1108a</load_address>
         <run_address>0x1108a</run_address>
         <size>0x66</size>
         <input_file_ref idref="fl-54"/>
      </object_component>
      <object_component id="oc-5b8">
         <name>.text:clear_life</name>
         <load_address>0x110f0</load_address>
         <run_address>0x110f0</run_address>
         <size>0x5a</size>
         <input_file_ref idref="fl-4"/>
      </object_component>
      <object_component id="oc-5af">
         <name>.text:generate_life_score</name>
         <load_address>0x1114a</load_address>
         <run_address>0x1114a</run_address>
         <size>0x50</size>
         <input_file_ref idref="fl-4"/>
      </object_component>
      <object_component id="oc-58b">
         <name>.text:halLcdSendCommand</name>
         <load_address>0x1119a</load_address>
         <run_address>0x1119a</run_address>
         <size>0x48</size>
         <input_file_ref idref="fl-7"/>
      </object_component>
      <object_component id="oc-4e1">
         <name>.text:halLcdSetBackLight</name>
         <load_address>0x111e2</load_address>
         <run_address>0x111e2</run_address>
         <size>0x46</size>
         <input_file_ref idref="fl-7"/>
      </object_component>
      <object_component id="oc-46f">
         <name>.text:l_lsr_const</name>
         <load_address>0x11228</load_address>
         <run_address>0x11228</run_address>
         <size>0x3e</size>
         <input_file_ref idref="fl-46"/>
      </object_component>
      <object_component id="oc-582">
         <name>.text:halLcdActive</name>
         <load_address>0x11266</load_address>
         <run_address>0x11266</run_address>
         <size>0x34</size>
         <input_file_ref idref="fl-7"/>
      </object_component>
      <object_component id="oc-59a">
         <name>.text:halLcdSetAddress</name>
         <load_address>0x1129a</load_address>
         <run_address>0x1129a</run_address>
         <size>0x34</size>
         <input_file_ref idref="fl-7"/>
      </object_component>
      <object_component id="oc-5ec">
         <name>.text:draw_life</name>
         <load_address>0x112ce</load_address>
         <run_address>0x112ce</run_address>
         <size>0x2e</size>
         <input_file_ref idref="fl-4"/>
      </object_component>
      <object_component id="oc-4db">
         <name>.text:halLcdBackLightInit</name>
         <load_address>0x112fc</load_address>
         <run_address>0x112fc</run_address>
         <size>0x2e</size>
         <input_file_ref idref="fl-7"/>
      </object_component>
      <object_component id="oc-50a">
         <name>.text:halLcdHLine</name>
         <load_address>0x1132a</load_address>
         <run_address>0x1132a</run_address>
         <size>0x2c</size>
         <input_file_ref idref="fl-7"/>
      </object_component>
      <object_component id="oc-562">
         <name>.text:halLcdVLine</name>
         <load_address>0x11356</load_address>
         <run_address>0x11356</run_address>
         <size>0x2c</size>
         <input_file_ref idref="fl-7"/>
      </object_component>
      <object_component id="oc-452">
         <name>.text:LFXT_Start</name>
         <load_address>0x11382</load_address>
         <run_address>0x11382</run_address>
         <size>0x28</size>
         <input_file_ref idref="fl-6"/>
      </object_component>
      <object_component id="oc-474">
         <name>.text:format_voltage_string</name>
         <load_address>0x113aa</load_address>
         <run_address>0x113aa</run_address>
         <size>0x26</size>
         <input_file_ref idref="fl-5"/>
      </object_component>
      <object_component id="oc-551">
         <name>.text:P1_racket_hit</name>
         <load_address>0x113d0</load_address>
         <run_address>0x113d0</run_address>
         <size>0x24</size>
         <input_file_ref idref="fl-2"/>
      </object_component>
      <object_component id="oc-545">
         <name>.text:P2_racket_hit</name>
         <load_address>0x113f4</load_address>
         <run_address>0x113f4</run_address>
         <size>0x24</size>
         <input_file_ref idref="fl-2"/>
      </object_component>
      <object_component id="oc-8f">
         <name>.text:decompress:ZI:__TI_zero_init</name>
         <load_address>0x11418</load_address>
         <run_address>0x11418</run_address>
         <size>0x24</size>
         <input_file_ref idref="fl-2e"/>
      </object_component>
      <object_component id="oc-4f5">
         <name>.text:halLcdPrintLine</name>
         <load_address>0x1143c</load_address>
         <run_address>0x1143c</run_address>
         <size>0x24</size>
         <input_file_ref idref="fl-7"/>
      </object_component>
      <object_component id="oc-46a">
         <name>.text</name>
         <load_address>0x11460</load_address>
         <run_address>0x11460</run_address>
         <size>0x24</size>
         <input_file_ref idref="fl-4e"/>
      </object_component>
      <object_component id="oc-440">
         <name>.text:halADCInit</name>
         <load_address>0x11484</load_address>
         <run_address>0x11484</run_address>
         <size>0x22</size>
         <input_file_ref idref="fl-5"/>
      </object_component>
      <object_component id="oc-4e7">
         <name>.text:halLcdSetContrast</name>
         <load_address>0x114a6</load_address>
         <run_address>0x114a6</run_address>
         <size>0x22</size>
         <input_file_ref idref="fl-7"/>
      </object_component>
      <object_component id="oc-510">
         <name>.text:information_board_draw</name>
         <load_address>0x114c8</load_address>
         <run_address>0x114c8</run_address>
         <size>0x20</size>
         <input_file_ref idref="fl-4"/>
      </object_component>
      <object_component id="oc-458">
         <name>.text:LCDInit</name>
         <load_address>0x114e8</load_address>
         <run_address>0x114e8</run_address>
         <size>0x1e</size>
         <input_file_ref idref="fl-5"/>
      </object_component>
      <object_component id="oc-446">
         <name>.text:TimerB0Init</name>
         <load_address>0x11506</load_address>
         <run_address>0x11506</run_address>
         <size>0x1a</size>
         <input_file_ref idref="fl-5"/>
      </object_component>
      <object_component id="oc-4a1">
         <name>.text</name>
         <load_address>0x11520</load_address>
         <run_address>0x11520</run_address>
         <size>0x18</size>
         <input_file_ref idref="fl-4b"/>
      </object_component>
      <object_component id="oc-539">
         <name>.text:bottom_wall_reached</name>
         <load_address>0x11538</load_address>
         <run_address>0x11538</run_address>
         <size>0x16</size>
         <input_file_ref idref="fl-2"/>
      </object_component>
      <object_component id="oc-53f">
         <name>.text:right_wall_reached</name>
         <load_address>0x1154e</load_address>
         <run_address>0x1154e</run_address>
         <size>0x16</size>
         <input_file_ref idref="fl-2"/>
      </object_component>
      <object_component id="oc-557">
         <name>.text:top_wall_reached</name>
         <load_address>0x11564</load_address>
         <run_address>0x11564</run_address>
         <size>0x16</size>
         <input_file_ref idref="fl-2"/>
      </object_component>
      <object_component id="oc-44c">
         <name>.text:TimerA1Init</name>
         <load_address>0x1157a</load_address>
         <run_address>0x1157a</run_address>
         <size>0x14</size>
         <input_file_ref idref="fl-5"/>
      </object_component>
      <object_component id="oc-531">
         <name>.text:check_player1_score</name>
         <load_address>0x1158e</load_address>
         <run_address>0x1158e</run_address>
         <size>0x14</size>
         <input_file_ref idref="fl-4"/>
      </object_component>
      <object_component id="oc-388">
         <name>.text:memcpy</name>
         <load_address>0x115a2</load_address>
         <run_address>0x115a2</run_address>
         <size>0x14</size>
         <input_file_ref idref="fl-47"/>
      </object_component>
      <object_component id="oc-73">
         <name>.text:decompress:none:__TI_decompress_none</name>
         <load_address>0x115b6</load_address>
         <run_address>0x115b6</run_address>
         <size>0x12</size>
         <input_file_ref idref="fl-2d"/>
      </object_component>
      <object_component id="oc-54b">
         <name>.text:left_wall_reached</name>
         <load_address>0x115c8</load_address>
         <run_address>0x115c8</run_address>
         <size>0x12</size>
         <input_file_ref idref="fl-2"/>
      </object_component>
      <object_component id="oc-529">
         <name>.text:check_player2_score</name>
         <load_address>0x115da</load_address>
         <run_address>0x115da</run_address>
         <size>0x10</size>
         <input_file_ref idref="fl-4"/>
      </object_component>
      <object_component id="oc-5cd">
         <name>.text:halLcdDrawBlock</name>
         <load_address>0x115ea</load_address>
         <run_address>0x115ea</run_address>
         <size>0xe</size>
         <input_file_ref idref="fl-7"/>
      </object_component>
      <object_component id="oc-5c8">
         <name>.text</name>
         <load_address>0x115f8</load_address>
         <run_address>0x115f8</run_address>
         <size>0xa</size>
         <input_file_ref idref="fl-45"/>
      </object_component>
      <object_component id="oc-3db">
         <name>.text:abort</name>
         <load_address>0x11602</load_address>
         <run_address>0x11602</run_address>
         <size>0x6</size>
         <input_file_ref idref="fl-2f"/>
      </object_component>
      <object_component id="oc-3b3">
         <name>.text:_system_pre_init</name>
         <load_address>0x11608</load_address>
         <run_address>0x11608</run_address>
         <size>0x4</size>
         <input_file_ref idref="fl-50"/>
      </object_component>
      <object_component id="oc-419">
         <name>.text:_system_post_cinit</name>
         <load_address>0x1160c</load_address>
         <run_address>0x1160c</run_address>
         <size>0x2</size>
         <input_file_ref idref="fl-55"/>
      </object_component>
      <object_component id="oc-39a">
         <name>.text:_isr:TIMER1_A0_ISR</name>
         <load_address>0x5c00</load_address>
         <run_address>0x5c00</run_address>
         <size>0x46</size>
         <input_file_ref idref="fl-5"/>
      </object_component>
      <object_component id="oc-3a0">
         <name>.text:_isr:ADC12ISR</name>
         <load_address>0x5c46</load_address>
         <run_address>0x5c46</run_address>
         <size>0x28</size>
         <input_file_ref idref="fl-5"/>
      </object_component>
      <object_component id="oc-ad">
         <name>.text:_isr:_c_int00_noargs_noexit</name>
         <load_address>0x5c6e</load_address>
         <run_address>0x5c6e</run_address>
         <size>0x1a</size>
         <input_file_ref idref="fl-2b"/>
      </object_component>
      <object_component id="oc-3a6">
         <name>.text:_isr:TIMER0_B1_ISR</name>
         <load_address>0x5c88</load_address>
         <run_address>0x5c88</run_address>
         <size>0x12</size>
         <input_file_ref idref="fl-5"/>
      </object_component>
      <object_component id="oc-395">
         <name>.text:_isr:__TI_ISR_TRAP</name>
         <load_address>0x5c9a</load_address>
         <run_address>0x5c9a</run_address>
         <size>0x8</size>
         <input_file_ref idref="fl-44"/>
      </object_component>
      <object_component id="oc-673">
         <name>.cinit..data.load</name>
         <load_address>0x6e6a</load_address>
         <run_address>0x6e6a</run_address>
         <size>0x77</size>
      </object_component>
      <object_component id="oc-670">
         <name>__TI_handler_table</name>
         <load_address>0x6ee2</load_address>
         <run_address>0x6ee2</run_address>
         <size>0xc</size>
      </object_component>
      <object_component id="oc-672">
         <name>.cinit..bss.load</name>
         <load_address>0x6eee</load_address>
         <run_address>0x6eee</run_address>
         <size>0x6</size>
      </object_component>
      <object_component id="oc-671">
         <name>__TI_cinit_table</name>
         <load_address>0x6ef4</load_address>
         <run_address>0x6ef4</run_address>
         <size>0x10</size>
      </object_component>
      <object_component id="oc-5e8">
         <name>.const:GrayScale_fonts</name>
         <load_address>0x5ca2</load_address>
         <run_address>0x5ca2</run_address>
         <size>0x854</size>
         <input_file_ref idref="fl-8"/>
      </object_component>
      <object_component id="oc-5e5">
         <name>.const:fonts</name>
         <load_address>0x64f6</load_address>
         <run_address>0x64f6</run_address>
         <size>0x854</size>
         <input_file_ref idref="fl-8"/>
      </object_component>
      <object_component id="oc-5e2">
         <name>.const:.string:fonts_lookup</name>
         <load_address>0x6d4a</load_address>
         <run_address>0x6d4a</run_address>
         <size>0x89</size>
         <input_file_ref idref="fl-8"/>
      </object_component>
      <object_component id="oc-52f">
         <name>.const:.string</name>
         <load_address>0x6dd4</load_address>
         <run_address>0x6dd4</run_address>
         <size>0x4e</size>
         <input_file_ref idref="fl-2"/>
      </object_component>
      <object_component id="oc-4f4">
         <name>.const:.string</name>
         <load_address>0x6e22</load_address>
         <run_address>0x6e22</run_address>
         <size>0x48</size>
         <input_file_ref idref="fl-3"/>
      </object_component>
      <object_component id="oc-60a">
         <name>.binit</name>
         <load_address>0x5c00</load_address>
         <run_address>0x5c00</run_address>
         <size>0x0</size>
      </object_component>
      <object_component id="oc-79">
         <name>.int41</name>
         <load_address>0xffd2</load_address>
         <run_address>0xffd2</run_address>
         <size>0x2</size>
         <input_file_ref idref="fl-31"/>
      </object_component>
      <object_component id="oc-7a">
         <name>.int42</name>
         <load_address>0xffd4</load_address>
         <run_address>0xffd4</run_address>
         <size>0x2</size>
         <input_file_ref idref="fl-32"/>
      </object_component>
      <object_component id="oc-7b">
         <name>.int43</name>
         <load_address>0xffd6</load_address>
         <run_address>0xffd6</run_address>
         <size>0x2</size>
         <input_file_ref idref="fl-33"/>
      </object_component>
      <object_component id="oc-7c">
         <name>.int44</name>
         <load_address>0xffd8</load_address>
         <run_address>0xffd8</run_address>
         <size>0x2</size>
         <input_file_ref idref="fl-34"/>
      </object_component>
      <object_component id="oc-7d">
         <name>.int45</name>
         <load_address>0xffda</load_address>
         <run_address>0xffda</run_address>
         <size>0x2</size>
         <input_file_ref idref="fl-35"/>
      </object_component>
      <object_component id="oc-7e">
         <name>.int46</name>
         <load_address>0xffdc</load_address>
         <run_address>0xffdc</run_address>
         <size>0x2</size>
         <input_file_ref idref="fl-36"/>
      </object_component>
      <object_component id="oc-7f">
         <name>.int47</name>
         <load_address>0xffde</load_address>
         <run_address>0xffde</run_address>
         <size>0x2</size>
         <input_file_ref idref="fl-37"/>
      </object_component>
      <object_component id="oc-80">
         <name>.int48</name>
         <load_address>0xffe0</load_address>
         <run_address>0xffe0</run_address>
         <size>0x2</size>
         <input_file_ref idref="fl-38"/>
      </object_component>
      <object_component id="oc-81">
         <name>.int49</name>
         <load_address>0xffe2</load_address>
         <run_address>0xffe2</run_address>
         <size>0x2</size>
         <input_file_ref idref="fl-5"/>
      </object_component>
      <object_component id="oc-82">
         <name>.int50</name>
         <load_address>0xffe4</load_address>
         <run_address>0xffe4</run_address>
         <size>0x2</size>
         <input_file_ref idref="fl-39"/>
      </object_component>
      <object_component id="oc-83">
         <name>.int51</name>
         <load_address>0xffe6</load_address>
         <run_address>0xffe6</run_address>
         <size>0x2</size>
         <input_file_ref idref="fl-3a"/>
      </object_component>
      <object_component id="oc-84">
         <name>.int52</name>
         <load_address>0xffe8</load_address>
         <run_address>0xffe8</run_address>
         <size>0x2</size>
         <input_file_ref idref="fl-3b"/>
      </object_component>
      <object_component id="oc-85">
         <name>.int53</name>
         <load_address>0xffea</load_address>
         <run_address>0xffea</run_address>
         <size>0x2</size>
         <input_file_ref idref="fl-3c"/>
      </object_component>
      <object_component id="oc-86">
         <name>.int54</name>
         <load_address>0xffec</load_address>
         <run_address>0xffec</run_address>
         <size>0x2</size>
         <input_file_ref idref="fl-3d"/>
      </object_component>
      <object_component id="oc-87">
         <name>.int55</name>
         <load_address>0xffee</load_address>
         <run_address>0xffee</run_address>
         <size>0x2</size>
         <input_file_ref idref="fl-5"/>
      </object_component>
      <object_component id="oc-88">
         <name>.int56</name>
         <load_address>0xfff0</load_address>
         <run_address>0xfff0</run_address>
         <size>0x2</size>
         <input_file_ref idref="fl-3e"/>
      </object_component>
      <object_component id="oc-89">
         <name>.int57</name>
         <load_address>0xfff2</load_address>
         <run_address>0xfff2</run_address>
         <size>0x2</size>
         <input_file_ref idref="fl-3f"/>
      </object_component>
      <object_component id="oc-8a">
         <name>.int58</name>
         <load_address>0xfff4</load_address>
         <run_address>0xfff4</run_address>
         <size>0x2</size>
         <input_file_ref idref="fl-40"/>
      </object_component>
      <object_component id="oc-8b">
         <name>.int59</name>
         <load_address>0xfff6</load_address>
         <run_address>0xfff6</run_address>
         <size>0x2</size>
         <input_file_ref idref="fl-5"/>
      </object_component>
      <object_component id="oc-8c">
         <name>.int60</name>
         <load_address>0xfff8</load_address>
         <run_address>0xfff8</run_address>
         <size>0x2</size>
         <input_file_ref idref="fl-41"/>
      </object_component>
      <object_component id="oc-8d">
         <name>.int61</name>
         <load_address>0xfffa</load_address>
         <run_address>0xfffa</run_address>
         <size>0x2</size>
         <input_file_ref idref="fl-42"/>
      </object_component>
      <object_component id="oc-8e">
         <name>.int62</name>
         <load_address>0xfffc</load_address>
         <run_address>0xfffc</run_address>
         <size>0x2</size>
         <input_file_ref idref="fl-43"/>
      </object_component>
      <object_component id="oc-37c">
         <name>.reset</name>
         <load_address>0xfffe</load_address>
         <run_address>0xfffe</run_address>
         <size>0x2</size>
         <input_file_ref idref="fl-2a"/>
      </object_component>
      <object_component id="oc-3ff">
         <name>.debug_info</name>
         <load_address>0x0</load_address>
         <run_address>0x0</run_address>
         <size>0x563</size>
         <input_file_ref idref="fl-2"/>
      </object_component>
      <object_component id="oc-558">
         <name>.debug_info</name>
         <load_address>0x563</load_address>
         <run_address>0x563</run_address>
         <size>0x115</size>
         <input_file_ref idref="fl-2"/>
      </object_component>
      <object_component id="oc-53a">
         <name>.debug_info</name>
         <load_address>0x678</load_address>
         <run_address>0x678</run_address>
         <size>0x11b</size>
         <input_file_ref idref="fl-2"/>
      </object_component>
      <object_component id="oc-542">
         <name>.debug_info</name>
         <load_address>0x793</load_address>
         <run_address>0x793</run_address>
         <size>0x119</size>
         <input_file_ref idref="fl-2"/>
      </object_component>
      <object_component id="oc-54e">
         <name>.debug_info</name>
         <load_address>0x8ac</load_address>
         <run_address>0x8ac</run_address>
         <size>0x117</size>
         <input_file_ref idref="fl-2"/>
      </object_component>
      <object_component id="oc-553">
         <name>.debug_info</name>
         <load_address>0x9c3</load_address>
         <run_address>0x9c3</run_address>
         <size>0x10f</size>
         <input_file_ref idref="fl-2"/>
      </object_component>
      <object_component id="oc-547">
         <name>.debug_info</name>
         <load_address>0xad2</load_address>
         <run_address>0xad2</run_address>
         <size>0x10f</size>
         <input_file_ref idref="fl-2"/>
      </object_component>
      <object_component id="oc-482">
         <name>.debug_info</name>
         <load_address>0xbe1</load_address>
         <run_address>0xbe1</run_address>
         <size>0x585</size>
         <input_file_ref idref="fl-2"/>
      </object_component>
      <object_component id="oc-494">
         <name>.debug_info</name>
         <load_address>0x1166</load_address>
         <run_address>0x1166</run_address>
         <size>0x48</size>
         <input_file_ref idref="fl-2"/>
      </object_component>
      <object_component id="oc-383">
         <name>.debug_info</name>
         <load_address>0x11ae</load_address>
         <run_address>0x11ae</run_address>
         <size>0x84</size>
         <input_file_ref idref="fl-2"/>
      </object_component>
      <object_component id="oc-401">
         <name>.debug_info</name>
         <load_address>0x1232</load_address>
         <run_address>0x1232</run_address>
         <size>0x5a9</size>
         <input_file_ref idref="fl-3"/>
      </object_component>
      <object_component id="oc-45f">
         <name>.debug_info</name>
         <load_address>0x17db</load_address>
         <run_address>0x17db</run_address>
         <size>0x1bf</size>
         <input_file_ref idref="fl-3"/>
      </object_component>
      <object_component id="oc-4fd">
         <name>.debug_info</name>
         <load_address>0x199a</load_address>
         <run_address>0x199a</run_address>
         <size>0x1ec</size>
         <input_file_ref idref="fl-3"/>
      </object_component>
      <object_component id="oc-506">
         <name>.debug_info</name>
         <load_address>0x1b86</load_address>
         <run_address>0x1b86</run_address>
         <size>0x1e8</size>
         <input_file_ref idref="fl-3"/>
      </object_component>
      <object_component id="oc-403">
         <name>.debug_info</name>
         <load_address>0x1d6e</load_address>
         <run_address>0x1d6e</run_address>
         <size>0x501</size>
         <input_file_ref idref="fl-4"/>
      </object_component>
      <object_component id="oc-512">
         <name>.debug_info</name>
         <load_address>0x226f</load_address>
         <run_address>0x226f</run_address>
         <size>0x152</size>
         <input_file_ref idref="fl-4"/>
      </object_component>
      <object_component id="oc-5ee">
         <name>.debug_info</name>
         <load_address>0x23c1</load_address>
         <run_address>0x23c1</run_address>
         <size>0x171</size>
         <input_file_ref idref="fl-4"/>
      </object_component>
      <object_component id="oc-5b9">
         <name>.debug_info</name>
         <load_address>0x2532</load_address>
         <run_address>0x2532</run_address>
         <size>0x17c</size>
         <input_file_ref idref="fl-4"/>
      </object_component>
      <object_component id="oc-532">
         <name>.debug_info</name>
         <load_address>0x26ae</load_address>
         <run_address>0x26ae</run_address>
         <size>0x16f</size>
         <input_file_ref idref="fl-4"/>
      </object_component>
      <object_component id="oc-52a">
         <name>.debug_info</name>
         <load_address>0x281d</load_address>
         <run_address>0x281d</run_address>
         <size>0x150</size>
         <input_file_ref idref="fl-4"/>
      </object_component>
      <object_component id="oc-5b0">
         <name>.debug_info</name>
         <load_address>0x296d</load_address>
         <run_address>0x296d</run_address>
         <size>0x1a7</size>
         <input_file_ref idref="fl-4"/>
      </object_component>
      <object_component id="oc-405">
         <name>.debug_info</name>
         <load_address>0x2b14</load_address>
         <run_address>0x2b14</run_address>
         <size>0xc3c</size>
         <input_file_ref idref="fl-5"/>
      </object_component>
      <object_component id="oc-408">
         <name>.debug_info</name>
         <load_address>0x3750</load_address>
         <run_address>0x3750</run_address>
         <size>0xf3</size>
         <input_file_ref idref="fl-5"/>
      </object_component>
      <object_component id="oc-522">
         <name>.debug_info</name>
         <load_address>0x3843</load_address>
         <run_address>0x3843</run_address>
         <size>0xc0</size>
         <input_file_ref idref="fl-5"/>
      </object_component>
      <object_component id="oc-3d4">
         <name>.debug_info</name>
         <load_address>0x3903</load_address>
         <run_address>0x3903</run_address>
         <size>0x20a</size>
         <input_file_ref idref="fl-5"/>
      </object_component>
      <object_component id="oc-459">
         <name>.debug_info</name>
         <load_address>0x3b0d</load_address>
         <run_address>0x3b0d</run_address>
         <size>0x158</size>
         <input_file_ref idref="fl-5"/>
      </object_component>
      <object_component id="oc-465">
         <name>.debug_info</name>
         <load_address>0x3c65</load_address>
         <run_address>0x3c65</run_address>
         <size>0x131</size>
         <input_file_ref idref="fl-5"/>
      </object_component>
      <object_component id="oc-47b">
         <name>.debug_info</name>
         <load_address>0x3d96</load_address>
         <run_address>0x3d96</run_address>
         <size>0xf8</size>
         <input_file_ref idref="fl-5"/>
      </object_component>
      <object_component id="oc-487">
         <name>.debug_info</name>
         <load_address>0x3e8e</load_address>
         <run_address>0x3e8e</run_address>
         <size>0x1e9</size>
         <input_file_ref idref="fl-5"/>
      </object_component>
      <object_component id="oc-475">
         <name>.debug_info</name>
         <load_address>0x4077</load_address>
         <run_address>0x4077</run_address>
         <size>0x154</size>
         <input_file_ref idref="fl-5"/>
      </object_component>
      <object_component id="oc-43b">
         <name>.debug_info</name>
         <load_address>0x41cb</load_address>
         <run_address>0x41cb</run_address>
         <size>0xef</size>
         <input_file_ref idref="fl-5"/>
      </object_component>
      <object_component id="oc-441">
         <name>.debug_info</name>
         <load_address>0x42ba</load_address>
         <run_address>0x42ba</run_address>
         <size>0xed</size>
         <input_file_ref idref="fl-5"/>
      </object_component>
      <object_component id="oc-44d">
         <name>.debug_info</name>
         <load_address>0x43a7</load_address>
         <run_address>0x43a7</run_address>
         <size>0xef</size>
         <input_file_ref idref="fl-5"/>
      </object_component>
      <object_component id="oc-447">
         <name>.debug_info</name>
         <load_address>0x4496</load_address>
         <run_address>0x4496</run_address>
         <size>0xef</size>
         <input_file_ref idref="fl-5"/>
      </object_component>
      <object_component id="oc-39b">
         <name>.debug_info</name>
         <load_address>0x4585</load_address>
         <run_address>0x4585</run_address>
         <size>0xf4</size>
         <input_file_ref idref="fl-5"/>
      </object_component>
      <object_component id="oc-3a7">
         <name>.debug_info</name>
         <load_address>0x4679</load_address>
         <run_address>0x4679</run_address>
         <size>0xf4</size>
         <input_file_ref idref="fl-5"/>
      </object_component>
      <object_component id="oc-3a1">
         <name>.debug_info</name>
         <load_address>0x476d</load_address>
         <run_address>0x476d</run_address>
         <size>0xea</size>
         <input_file_ref idref="fl-5"/>
      </object_component>
      <object_component id="oc-453">
         <name>.debug_info</name>
         <load_address>0x4857</load_address>
         <run_address>0x4857</run_address>
         <size>0x134</size>
         <input_file_ref idref="fl-6"/>
      </object_component>
      <object_component id="oc-592">
         <name>.debug_info</name>
         <load_address>0x498b</load_address>
         <run_address>0x498b</run_address>
         <size>0x471</size>
         <input_file_ref idref="fl-7"/>
      </object_component>
      <object_component id="oc-589">
         <name>.debug_info</name>
         <load_address>0x4dfc</load_address>
         <run_address>0x4dfc</run_address>
         <size>0xd5</size>
         <input_file_ref idref="fl-7"/>
      </object_component>
      <object_component id="oc-5a1">
         <name>.debug_info</name>
         <load_address>0x4ed1</load_address>
         <run_address>0x4ed1</run_address>
         <size>0xe9</size>
         <input_file_ref idref="fl-7"/>
      </object_component>
      <object_component id="oc-5dd">
         <name>.debug_info</name>
         <load_address>0x4fba</load_address>
         <run_address>0x4fba</run_address>
         <size>0xed</size>
         <input_file_ref idref="fl-7"/>
      </object_component>
      <object_component id="oc-595">
         <name>.debug_info</name>
         <load_address>0x50a7</load_address>
         <run_address>0x50a7</run_address>
         <size>0x144</size>
         <input_file_ref idref="fl-7"/>
      </object_component>
      <object_component id="oc-58c">
         <name>.debug_info</name>
         <load_address>0x51eb</load_address>
         <run_address>0x51eb</run_address>
         <size>0x158</size>
         <input_file_ref idref="fl-7"/>
      </object_component>
      <object_component id="oc-4d6">
         <name>.debug_info</name>
         <load_address>0x5343</load_address>
         <run_address>0x5343</run_address>
         <size>0x1cc</size>
         <input_file_ref idref="fl-7"/>
      </object_component>
      <object_component id="oc-4dc">
         <name>.debug_info</name>
         <load_address>0x550f</load_address>
         <run_address>0x550f</run_address>
         <size>0x12f</size>
         <input_file_ref idref="fl-7"/>
      </object_component>
      <object_component id="oc-4e2">
         <name>.debug_info</name>
         <load_address>0x563e</load_address>
         <run_address>0x563e</run_address>
         <size>0x1b0</size>
         <input_file_ref idref="fl-7"/>
      </object_component>
      <object_component id="oc-4e8">
         <name>.debug_info</name>
         <load_address>0x57ee</load_address>
         <run_address>0x57ee</run_address>
         <size>0x189</size>
         <input_file_ref idref="fl-7"/>
      </object_component>
      <object_component id="oc-583">
         <name>.debug_info</name>
         <load_address>0x5977</load_address>
         <run_address>0x5977</run_address>
         <size>0x154</size>
         <input_file_ref idref="fl-7"/>
      </object_component>
      <object_component id="oc-59b">
         <name>.debug_info</name>
         <load_address>0x5acb</load_address>
         <run_address>0x5acb</run_address>
         <size>0x183</size>
         <input_file_ref idref="fl-7"/>
      </object_component>
      <object_component id="oc-5ce">
         <name>.debug_info</name>
         <load_address>0x5c4e</load_address>
         <run_address>0x5c4e</run_address>
         <size>0x19b</size>
         <input_file_ref idref="fl-7"/>
      </object_component>
      <object_component id="oc-5f6">
         <name>.debug_info</name>
         <load_address>0x5de9</load_address>
         <run_address>0x5de9</run_address>
         <size>0x1b5</size>
         <input_file_ref idref="fl-7"/>
      </object_component>
      <object_component id="oc-56f">
         <name>.debug_info</name>
         <load_address>0x5f9e</load_address>
         <run_address>0x5f9e</run_address>
         <size>0x201</size>
         <input_file_ref idref="fl-7"/>
      </object_component>
      <object_component id="oc-4ee">
         <name>.debug_info</name>
         <load_address>0x619f</load_address>
         <run_address>0x619f</run_address>
         <size>0x1bd</size>
         <input_file_ref idref="fl-7"/>
      </object_component>
      <object_component id="oc-5a6">
         <name>.debug_info</name>
         <load_address>0x635c</load_address>
         <run_address>0x635c</run_address>
         <size>0x320</size>
         <input_file_ref idref="fl-7"/>
      </object_component>
      <object_component id="oc-4f6">
         <name>.debug_info</name>
         <load_address>0x667c</load_address>
         <run_address>0x667c</run_address>
         <size>0x1e9</size>
         <input_file_ref idref="fl-7"/>
      </object_component>
      <object_component id="oc-50b">
         <name>.debug_info</name>
         <load_address>0x6865</load_address>
         <run_address>0x6865</run_address>
         <size>0x1d2</size>
         <input_file_ref idref="fl-7"/>
      </object_component>
      <object_component id="oc-563">
         <name>.debug_info</name>
         <load_address>0x6a37</load_address>
         <run_address>0x6a37</run_address>
         <size>0x1d2</size>
         <input_file_ref idref="fl-7"/>
      </object_component>
      <object_component id="oc-569">
         <name>.debug_info</name>
         <load_address>0x6c09</load_address>
         <run_address>0x6c09</run_address>
         <size>0x31c</size>
         <input_file_ref idref="fl-7"/>
      </object_component>
      <object_component id="oc-600">
         <name>.debug_info</name>
         <load_address>0x6f25</load_address>
         <run_address>0x6f25</run_address>
         <size>0xe4</size>
         <input_file_ref idref="fl-8"/>
      </object_component>
      <object_component id="oc-5e3">
         <name>.debug_info</name>
         <load_address>0x7009</load_address>
         <run_address>0x7009</run_address>
         <size>0xdb</size>
         <input_file_ref idref="fl-8"/>
      </object_component>
      <object_component id="oc-5e6">
         <name>.debug_info</name>
         <load_address>0x70e4</load_address>
         <run_address>0x70e4</run_address>
         <size>0xcd</size>
         <input_file_ref idref="fl-8"/>
      </object_component>
      <object_component id="oc-5e9">
         <name>.debug_info</name>
         <load_address>0x71b1</load_address>
         <run_address>0x71b1</run_address>
         <size>0xe1</size>
         <input_file_ref idref="fl-8"/>
      </object_component>
      <object_component id="oc-37a">
         <name>.debug_info</name>
         <load_address>0x7292</load_address>
         <run_address>0x7292</run_address>
         <size>0xf5</size>
         <input_file_ref idref="fl-2a"/>
      </object_component>
      <object_component id="oc-b1">
         <name>.debug_info</name>
         <load_address>0x7387</load_address>
         <run_address>0x7387</run_address>
         <size>0x196</size>
         <input_file_ref idref="fl-2b"/>
      </object_component>
      <object_component id="oc-3ee">
         <name>.debug_info</name>
         <load_address>0x751d</load_address>
         <run_address>0x751d</run_address>
         <size>0x170</size>
         <input_file_ref idref="fl-2c"/>
      </object_component>
      <object_component id="oc-70">
         <name>.debug_info</name>
         <load_address>0x768d</load_address>
         <run_address>0x768d</run_address>
         <size>0x245</size>
         <input_file_ref idref="fl-2c"/>
      </object_component>
      <object_component id="oc-37e">
         <name>.debug_info</name>
         <load_address>0x78d2</load_address>
         <run_address>0x78d2</run_address>
         <size>0x60</size>
         <input_file_ref idref="fl-2c"/>
      </object_component>
      <object_component id="oc-3e9">
         <name>.debug_info</name>
         <load_address>0x7932</load_address>
         <run_address>0x7932</run_address>
         <size>0x46</size>
         <input_file_ref idref="fl-2c"/>
      </object_component>
      <object_component id="oc-394">
         <name>.debug_info</name>
         <load_address>0x7978</load_address>
         <run_address>0x7978</run_address>
         <size>0x1c6</size>
         <input_file_ref idref="fl-2d"/>
      </object_component>
      <object_component id="oc-74">
         <name>.debug_info</name>
         <load_address>0x7b3e</load_address>
         <run_address>0x7b3e</run_address>
         <size>0x1c8</size>
         <input_file_ref idref="fl-2d"/>
      </object_component>
      <object_component id="oc-38f">
         <name>.debug_info</name>
         <load_address>0x7d06</load_address>
         <run_address>0x7d06</run_address>
         <size>0x46</size>
         <input_file_ref idref="fl-2d"/>
      </object_component>
      <object_component id="oc-3f8">
         <name>.debug_info</name>
         <load_address>0x7d4c</load_address>
         <run_address>0x7d4c</run_address>
         <size>0x2c</size>
         <input_file_ref idref="fl-2d"/>
      </object_component>
      <object_component id="oc-3b2">
         <name>.debug_info</name>
         <load_address>0x7d78</load_address>
         <run_address>0x7d78</run_address>
         <size>0x174</size>
         <input_file_ref idref="fl-2e"/>
      </object_component>
      <object_component id="oc-90">
         <name>.debug_info</name>
         <load_address>0x7eec</load_address>
         <run_address>0x7eec</run_address>
         <size>0x1ba</size>
         <input_file_ref idref="fl-2e"/>
      </object_component>
      <object_component id="oc-3ad">
         <name>.debug_info</name>
         <load_address>0x80a6</load_address>
         <run_address>0x80a6</run_address>
         <size>0x46</size>
         <input_file_ref idref="fl-2e"/>
      </object_component>
      <object_component id="oc-3dc">
         <name>.debug_info</name>
         <load_address>0x80ec</load_address>
         <run_address>0x80ec</run_address>
         <size>0x117</size>
         <input_file_ref idref="fl-2f"/>
      </object_component>
      <object_component id="oc-396">
         <name>.debug_info</name>
         <load_address>0x8203</load_address>
         <run_address>0x8203</run_address>
         <size>0x107</size>
         <input_file_ref idref="fl-44"/>
      </object_component>
      <object_component id="oc-5cb">
         <name>.debug_info</name>
         <load_address>0x830a</load_address>
         <run_address>0x830a</run_address>
         <size>0x118</size>
         <input_file_ref idref="fl-45"/>
      </object_component>
      <object_component id="oc-471">
         <name>.debug_info</name>
         <load_address>0x8422</load_address>
         <run_address>0x8422</run_address>
         <size>0x11e</size>
         <input_file_ref idref="fl-46"/>
      </object_component>
      <object_component id="oc-3f0">
         <name>.debug_info</name>
         <load_address>0x8540</load_address>
         <run_address>0x8540</run_address>
         <size>0x17c</size>
         <input_file_ref idref="fl-47"/>
      </object_component>
      <object_component id="oc-389">
         <name>.debug_info</name>
         <load_address>0x86bc</load_address>
         <run_address>0x86bc</run_address>
         <size>0x191</size>
         <input_file_ref idref="fl-47"/>
      </object_component>
      <object_component id="oc-3f1">
         <name>.debug_info</name>
         <load_address>0x884d</load_address>
         <run_address>0x884d</run_address>
         <size>0x2c</size>
         <input_file_ref idref="fl-47"/>
      </object_component>
      <object_component id="oc-4a3">
         <name>.debug_info</name>
         <load_address>0x8879</load_address>
         <run_address>0x8879</run_address>
         <size>0x128</size>
         <input_file_ref idref="fl-4b"/>
      </object_component>
      <object_component id="oc-46b">
         <name>.debug_info</name>
         <load_address>0x89a1</load_address>
         <run_address>0x89a1</run_address>
         <size>0x128</size>
         <input_file_ref idref="fl-4e"/>
      </object_component>
      <object_component id="oc-3b4">
         <name>.debug_info</name>
         <load_address>0x8ac9</load_address>
         <run_address>0x8ac9</run_address>
         <size>0x148</size>
         <input_file_ref idref="fl-50"/>
      </object_component>
      <object_component id="oc-425">
         <name>.debug_info</name>
         <load_address>0x8c11</load_address>
         <run_address>0x8c11</run_address>
         <size>0x3f5</size>
         <input_file_ref idref="fl-53"/>
      </object_component>
      <object_component id="oc-3ba">
         <name>.debug_info</name>
         <load_address>0x9006</load_address>
         <run_address>0x9006</run_address>
         <size>0x21e</size>
         <input_file_ref idref="fl-53"/>
      </object_component>
      <object_component id="oc-4ab">
         <name>.debug_info</name>
         <load_address>0x9224</load_address>
         <run_address>0x9224</run_address>
         <size>0x39</size>
         <input_file_ref idref="fl-53"/>
      </object_component>
      <object_component id="oc-420">
         <name>.debug_info</name>
         <load_address>0x925d</load_address>
         <run_address>0x925d</run_address>
         <size>0x2c</size>
         <input_file_ref idref="fl-53"/>
      </object_component>
      <object_component id="oc-4b0">
         <name>.debug_info</name>
         <load_address>0x9289</load_address>
         <run_address>0x9289</run_address>
         <size>0xcd</size>
         <input_file_ref idref="fl-53"/>
      </object_component>
      <object_component id="oc-4a7">
         <name>.debug_info</name>
         <load_address>0x9356</load_address>
         <run_address>0x9356</run_address>
         <size>0x266</size>
         <input_file_ref idref="fl-54"/>
      </object_component>
      <object_component id="oc-414">
         <name>.debug_info</name>
         <load_address>0x95bc</load_address>
         <run_address>0x95bc</run_address>
         <size>0x1b0</size>
         <input_file_ref idref="fl-54"/>
      </object_component>
      <object_component id="oc-578">
         <name>.debug_info</name>
         <load_address>0x976c</load_address>
         <run_address>0x976c</run_address>
         <size>0x2c</size>
         <input_file_ref idref="fl-54"/>
      </object_component>
      <object_component id="oc-41b">
         <name>.debug_info</name>
         <load_address>0x9798</load_address>
         <run_address>0x9798</run_address>
         <size>0x145</size>
         <input_file_ref idref="fl-55"/>
      </object_component>
      <object_component id="oc-677">
         <name>.debug_info</name>
         <load_address>0x98dd</load_address>
         <run_address>0x98dd</run_address>
         <size>0x8e</size>
      </object_component>
      <object_component id="oc-493">
         <name>.debug_line</name>
         <load_address>0x0</load_address>
         <run_address>0x0</run_address>
         <size>0xc2</size>
         <input_file_ref idref="fl-2"/>
      </object_component>
      <object_component id="oc-55b">
         <name>.debug_line</name>
         <load_address>0xc2</load_address>
         <run_address>0xc2</run_address>
         <size>0x50</size>
         <input_file_ref idref="fl-2"/>
      </object_component>
      <object_component id="oc-53d">
         <name>.debug_line</name>
         <load_address>0x112</load_address>
         <run_address>0x112</run_address>
         <size>0x50</size>
         <input_file_ref idref="fl-2"/>
      </object_component>
      <object_component id="oc-540">
         <name>.debug_line</name>
         <load_address>0x162</load_address>
         <run_address>0x162</run_address>
         <size>0x50</size>
         <input_file_ref idref="fl-2"/>
      </object_component>
      <object_component id="oc-54c">
         <name>.debug_line</name>
         <load_address>0x1b2</load_address>
         <run_address>0x1b2</run_address>
         <size>0x50</size>
         <input_file_ref idref="fl-2"/>
      </object_component>
      <object_component id="oc-552">
         <name>.debug_line</name>
         <load_address>0x202</load_address>
         <run_address>0x202</run_address>
         <size>0x4f</size>
         <input_file_ref idref="fl-2"/>
      </object_component>
      <object_component id="oc-546">
         <name>.debug_line</name>
         <load_address>0x251</load_address>
         <run_address>0x251</run_address>
         <size>0x50</size>
         <input_file_ref idref="fl-2"/>
      </object_component>
      <object_component id="oc-481">
         <name>.debug_line</name>
         <load_address>0x2a1</load_address>
         <run_address>0x2a1</run_address>
         <size>0x2e5</size>
         <input_file_ref idref="fl-2"/>
      </object_component>
      <object_component id="oc-497">
         <name>.debug_line</name>
         <load_address>0x586</load_address>
         <run_address>0x586</run_address>
         <size>0x39</size>
         <input_file_ref idref="fl-2"/>
      </object_component>
      <object_component id="oc-386">
         <name>.debug_line</name>
         <load_address>0x5bf</load_address>
         <run_address>0x5bf</run_address>
         <size>0x20</size>
         <input_file_ref idref="fl-2"/>
      </object_component>
      <object_component id="oc-49a">
         <name>.debug_line</name>
         <load_address>0x5df</load_address>
         <run_address>0x5df</run_address>
         <size>0x113</size>
         <input_file_ref idref="fl-3"/>
      </object_component>
      <object_component id="oc-462">
         <name>.debug_line</name>
         <load_address>0x6f2</load_address>
         <run_address>0x6f2</run_address>
         <size>0x63</size>
         <input_file_ref idref="fl-3"/>
      </object_component>
      <object_component id="oc-500">
         <name>.debug_line</name>
         <load_address>0x755</load_address>
         <run_address>0x755</run_address>
         <size>0x49</size>
         <input_file_ref idref="fl-3"/>
      </object_component>
      <object_component id="oc-504">
         <name>.debug_line</name>
         <load_address>0x79e</load_address>
         <run_address>0x79e</run_address>
         <size>0x49</size>
         <input_file_ref idref="fl-3"/>
      </object_component>
      <object_component id="oc-49c">
         <name>.debug_line</name>
         <load_address>0x7e7</load_address>
         <run_address>0x7e7</run_address>
         <size>0x87</size>
         <input_file_ref idref="fl-4"/>
      </object_component>
      <object_component id="oc-511">
         <name>.debug_line</name>
         <load_address>0x86e</load_address>
         <run_address>0x86e</run_address>
         <size>0x4d</size>
         <input_file_ref idref="fl-4"/>
      </object_component>
      <object_component id="oc-5ed">
         <name>.debug_line</name>
         <load_address>0x8bb</load_address>
         <run_address>0x8bb</run_address>
         <size>0x4e</size>
         <input_file_ref idref="fl-4"/>
      </object_component>
      <object_component id="oc-5bc">
         <name>.debug_line</name>
         <load_address>0x909</load_address>
         <run_address>0x909</run_address>
         <size>0x58</size>
         <input_file_ref idref="fl-4"/>
      </object_component>
      <object_component id="oc-536">
         <name>.debug_line</name>
         <load_address>0x961</load_address>
         <run_address>0x961</run_address>
         <size>0x4e</size>
         <input_file_ref idref="fl-4"/>
      </object_component>
      <object_component id="oc-52e">
         <name>.debug_line</name>
         <load_address>0x9af</load_address>
         <run_address>0x9af</run_address>
         <size>0x4e</size>
         <input_file_ref idref="fl-4"/>
      </object_component>
      <object_component id="oc-5b4">
         <name>.debug_line</name>
         <load_address>0x9fd</load_address>
         <run_address>0x9fd</run_address>
         <size>0x60</size>
         <input_file_ref idref="fl-4"/>
      </object_component>
      <object_component id="oc-49e">
         <name>.debug_line</name>
         <load_address>0xa5d</load_address>
         <run_address>0xa5d</run_address>
         <size>0x17c</size>
         <input_file_ref idref="fl-5"/>
      </object_component>
      <object_component id="oc-4a0">
         <name>.debug_line</name>
         <load_address>0xbd9</load_address>
         <run_address>0xbd9</run_address>
         <size>0x2d</size>
         <input_file_ref idref="fl-5"/>
      </object_component>
      <object_component id="oc-5b7">
         <name>.debug_line</name>
         <load_address>0xc06</load_address>
         <run_address>0xc06</run_address>
         <size>0x2d</size>
         <input_file_ref idref="fl-5"/>
      </object_component>
      <object_component id="oc-3d8">
         <name>.debug_line</name>
         <load_address>0xc33</load_address>
         <run_address>0xc33</run_address>
         <size>0x65</size>
         <input_file_ref idref="fl-5"/>
      </object_component>
      <object_component id="oc-45d">
         <name>.debug_line</name>
         <load_address>0xc98</load_address>
         <run_address>0xc98</run_address>
         <size>0x47</size>
         <input_file_ref idref="fl-5"/>
      </object_component>
      <object_component id="oc-469">
         <name>.debug_line</name>
         <load_address>0xcdf</load_address>
         <run_address>0xcdf</run_address>
         <size>0x51</size>
         <input_file_ref idref="fl-5"/>
      </object_component>
      <object_component id="oc-47f">
         <name>.debug_line</name>
         <load_address>0xd30</load_address>
         <run_address>0xd30</run_address>
         <size>0x72</size>
         <input_file_ref idref="fl-5"/>
      </object_component>
      <object_component id="oc-48b">
         <name>.debug_line</name>
         <load_address>0xda2</load_address>
         <run_address>0xda2</run_address>
         <size>0x58</size>
         <input_file_ref idref="fl-5"/>
      </object_component>
      <object_component id="oc-479">
         <name>.debug_line</name>
         <load_address>0xdfa</load_address>
         <run_address>0xdfa</run_address>
         <size>0x52</size>
         <input_file_ref idref="fl-5"/>
      </object_component>
      <object_component id="oc-43f">
         <name>.debug_line</name>
         <load_address>0xe4c</load_address>
         <run_address>0xe4c</run_address>
         <size>0x88</size>
         <input_file_ref idref="fl-5"/>
      </object_component>
      <object_component id="oc-445">
         <name>.debug_line</name>
         <load_address>0xed4</load_address>
         <run_address>0xed4</run_address>
         <size>0x48</size>
         <input_file_ref idref="fl-5"/>
      </object_component>
      <object_component id="oc-451">
         <name>.debug_line</name>
         <load_address>0xf1c</load_address>
         <run_address>0xf1c</run_address>
         <size>0x45</size>
         <input_file_ref idref="fl-5"/>
      </object_component>
      <object_component id="oc-44b">
         <name>.debug_line</name>
         <load_address>0xf61</load_address>
         <run_address>0xf61</run_address>
         <size>0x46</size>
         <input_file_ref idref="fl-5"/>
      </object_component>
      <object_component id="oc-39f">
         <name>.debug_line</name>
         <load_address>0xfa7</load_address>
         <run_address>0xfa7</run_address>
         <size>0x5c</size>
         <input_file_ref idref="fl-5"/>
      </object_component>
      <object_component id="oc-3ab">
         <name>.debug_line</name>
         <load_address>0x1003</load_address>
         <run_address>0x1003</run_address>
         <size>0x47</size>
         <input_file_ref idref="fl-5"/>
      </object_component>
      <object_component id="oc-3a5">
         <name>.debug_line</name>
         <load_address>0x104a</load_address>
         <run_address>0x104a</run_address>
         <size>0x4a</size>
         <input_file_ref idref="fl-5"/>
      </object_component>
      <object_component id="oc-456">
         <name>.debug_line</name>
[...]
      <symbol id="sm-3be">
         <name>xR2</name>
         <value>0x2abc</value>
      </symbol>
      <symbol id="sm-3bf">
         <name>yR2</name>
         <value>0x2aca</value>
      </symbol>
      <symbol id="sm-3c0">
         <name>xR2_old</name>
         <value>0x2abe</value>
      </symbol>
      <symbol id="sm-3c1">
         <name>yR2_old</name>
         <value>0x2acc</value>
      </symbol>
      <symbol id="sm-3c2">
         <name>R2Dir</name>
         <value>0x2aa8</value>
      </symbol>
      <symbol id="sm-3c3">
         <name>p1_life_counter</name>
         <value>0x2aae</value>
      </symbol>
      <symbol id="sm-3c4">
         <name>p2_life_counter</name>
         <value>0x2ab0</value>
      </symbol>
      <symbol id="sm-3c5">
         <name>top_wall_reached</name>
         <value>0x11564</value>
         <object_component_ref idref="oc-557"/>
      </symbol>
      <symbol id="sm-3c6">
         <name>P1_racket_hit</name>
         <value>0x113d0</value>
         <object_component_ref idref="oc-551"/>
      </symbol>
      <symbol id="sm-3c7">
         <name>left_wall_reached</name>
         <value>0x115c8</value>
         <object_component_ref idref="oc-54b"/>
      </symbol>
      <symbol id="sm-3c8">
         <name>bottom_wall_reached</name>
         <value>0x11538</value>
         <object_component_ref idref="oc-539"/>
      </symbol>
      <symbol id="sm-3c9">
         <name>P2_racket_hit</name>
         <value>0x113f4</value>
         <object_component_ref idref="oc-545"/>
      </symbol>
      <symbol id="sm-3ca">
         <name>ball_update</name>
         <value>0x10000</value>
         <object_component_ref idref="oc-480"/>
      </symbol>
      <symbol id="sm-3cb">
         <name>right_wall_reached</name>
         <value>0x1154e</value>
         <object_component_ref idref="oc-53f"/>
      </symbol>
      <symbol id="sm-3ef">
         <name>ActiveMenuDraw</name>
         <value>0x10a6c</value>
         <object_component_ref idref="oc-4fc"/>
      </symbol>
      <symbol id="sm-3f0">
         <name>GameMenuInit</name>
         <value>0x10d64</value>
         <object_component_ref idref="oc-45e"/>
      </symbol>
      <symbol id="sm-3f1">
         <name>OldMenuClear</name>
         <value>0x10b0e</value>
         <object_component_ref idref="oc-502"/>
      </symbol>
      <symbol id="sm-427">
         <name>information_board_draw</name>
         <value>0x114c8</value>
         <object_component_ref idref="oc-510"/>
      </symbol>
      <symbol id="sm-428">
         <name>draw_life</name>
         <value>0x112ce</value>
         <object_component_ref idref="oc-5ec"/>
      </symbol>
      <symbol id="sm-429">
         <name>check_player1_score</name>
         <value>0x1158e</value>
         <object_component_ref idref="oc-531"/>
      </symbol>
      <symbol id="sm-42a">
         <name>clear_life</name>
         <value>0x110f0</value>
         <object_component_ref idref="oc-5b8"/>
      </symbol>
      <symbol id="sm-42b">
         <name>check_player2_score</name>
         <value>0x115da</value>
         <object_component_ref idref="oc-529"/>
      </symbol>
      <symbol id="sm-42c">
         <name>generate_life_score</name>
         <value>0x1114a</value>
         <object_component_ref idref="oc-5af"/>
      </symbol>
      <symbol id="sm-4ad">
         <name>temp_vcc</name>
         <value>0x2a9c</value>
      </symbol>
      <symbol id="sm-4ae">
         <name>LCD_intervals</name>
         <value>0x2b52</value>
         <object_component_ref idref="oc-407"/>
      </symbol>
      <symbol id="sm-4af">
         <name>TIMER1_A0_ISR</name>
         <value>0x5c00</value>
         <object_component_ref idref="oc-39a"/>
      </symbol>
      <symbol id="sm-4b0">
         <name>LCDInit</name>
         <value>0x114e8</value>
         <object_component_ref idref="oc-458"/>
      </symbol>
      <symbol id="sm-4b1">
         <name>__TI_int49</name>
         <value>0xffe2</value>
         <object_component_ref idref="oc-81"/>
      </symbol>
      <symbol id="sm-4b2">
         <name>halBoardInit</name>
         <value>0x10c40</value>
         <object_component_ref idref="oc-43a"/>
      </symbol>
      <symbol id="sm-4b3">
         <name>__TI_int59</name>
         <value>0xfff6</value>
         <object_component_ref idref="oc-8b"/>
      </symbol>
      <symbol id="sm-4b4">
         <name>__TI_int55</name>
         <value>0xffee</value>
         <object_component_ref idref="oc-87"/>
      </symbol>
      <symbol id="sm-4b5">
         <name>LCD_update</name>
         <value>0x10718</value>
         <object_component_ref idref="oc-486"/>
      </symbol>
      <symbol id="sm-4b6">
         <name>LCD_string</name>
         <value>0x2b4c</value>
         <object_component_ref idref="oc-521"/>
      </symbol>
      <symbol id="sm-4b7">
         <name>UserInputs_update</name>
         <value>0x10f50</value>
         <object_component_ref idref="oc-47a"/>
      </symbol>
      <symbol id="sm-4b8">
         <name>main</name>
         <value>0x10cd2</value>
         <object_component_ref idref="oc-3d3"/>
      </symbol>
      <symbol id="sm-4b9">
         <name>GameStartInit</name>
         <value>0x10fba</value>
         <object_component_ref idref="oc-464"/>
      </symbol>
      <symbol id="sm-4ba">
         <name>Ball_intervals</name>
         <value>0x2b54</value>
         <object_component_ref idref="oc-407"/>
      </symbol>
      <symbol id="sm-4bb">
         <name>TimerB0Init</name>
         <value>0x11506</value>
         <object_component_ref idref="oc-446"/>
      </symbol>
      <symbol id="sm-4bc">
         <name>ADC12ISR</name>
         <value>0x5c46</value>
         <object_component_ref idref="oc-3a0"/>
      </symbol>
      <symbol id="sm-4bd">
         <name>format_voltage_string</name>
         <value>0x113aa</value>
         <object_component_ref idref="oc-474"/>
      </symbol>
      <symbol id="sm-4be">
         <name>TimerA1Init</name>
         <value>0x1157a</value>
         <object_component_ref idref="oc-44c"/>
      </symbol>
      <symbol id="sm-4bf">
         <name>halADCInit</name>
         <value>0x11484</value>
         <object_component_ref idref="oc-440"/>
      </symbol>
      <symbol id="sm-4c0">
         <name>TIMER0_B1_ISR</name>
         <value>0x5c88</value>
         <object_component_ref idref="oc-3a6"/>
      </symbol>
      <symbol id="sm-4cb">
         <name>LFXT_Start</name>
         <value>0x11382</value>
         <object_component_ref idref="oc-452"/>
      </symbol>
      <symbol id="sm-588">
         <name>LCD_MEM</name>
         <value>0x1c00</value>
      </symbol>
      <symbol id="sm-589">
         <name>halLcdDrawCurrentBlock</name>
         <value>0x10ee4</value>
         <object_component_ref idref="oc-5f5"/>
      </symbol>
      <symbol id="sm-58a">
         <name>Draw_Block_Address_Macro</name>
         <value>0x2b3a</value>
         <object_component_ref idref="oc-5dc"/>
      </symbol>
      <symbol id="sm-58b">
         <name>halLcdVLine</name>
         <value>0x11356</value>
         <object_component_ref idref="oc-562"/>
      </symbol>
      <symbol id="sm-58c">
         <name>LcdAddress</name>
         <value>0x2b46</value>
         <object_component_ref idref="oc-594"/>
      </symbol>
      <symbol id="sm-58d">
         <name>halLcdPixel</name>
         <value>0x11022</value>
         <object_component_ref idref="oc-56e"/>
      </symbol>
      <symbol id="sm-58e">
         <name>LcdTableAddress</name>
         <value>0x2b48</value>
         <object_component_ref idref="oc-594"/>
      </symbol>
      <symbol id="sm-58f">
         <name>halLcdSetBackLight</name>
         <value>0x111e2</value>
         <object_component_ref idref="oc-4e1"/>
      </symbol>
      <symbol id="sm-590">
         <name>halLcdSetContrast</name>
         <value>0x114a6</value>
         <object_component_ref idref="oc-4e7"/>
      </symbol>
      <symbol id="sm-591">
         <name>LcdInitMacro</name>
         <value>0x2ace</value>
         <object_component_ref idref="oc-588"/>
      </symbol>
      <symbol id="sm-592">
         <name>halLcdDrawBlock</name>
         <value>0x115ea</value>
         <object_component_ref idref="oc-5cd"/>
      </symbol>
      <symbol id="sm-593">
         <name>halLcdClearScreen</name>
         <value>0x109a8</value>
         <object_component_ref idref="oc-4ed"/>
      </symbol>
      <symbol id="sm-594">
         <name>Draw_Block_Value_Macro</name>
         <value>0x2b40</value>
         <object_component_ref idref="oc-5a0"/>
      </symbol>
      <symbol id="sm-595">
         <name>halLcdSendCommand</name>
         <value>0x1119a</value>
         <object_component_ref idref="oc-58b"/>
      </symbol>
      <symbol id="sm-596">
         <name>halLcdPrintLine</name>
         <value>0x1143c</value>
         <object_component_ref idref="oc-4f5"/>
      </symbol>
      <symbol id="sm-597">
         <name>halLcdInit</name>
         <value>0x10ba8</value>
         <object_component_ref idref="oc-4d5"/>
      </symbol>
      <symbol id="sm-598">
         <name>halLcdBackLightInit</name>
         <value>0x112fc</value>
         <object_component_ref idref="oc-4db"/>
      </symbol>
      <symbol id="sm-599">
         <name>backlight</name>
         <value>0x2b4b</value>
         <object_component_ref idref="oc-594"/>
      </symbol>
      <symbol id="sm-59a">
         <name>contrast</name>
         <value>0x2b4a</value>
         <object_component_ref idref="oc-594"/>
      </symbol>
      <symbol id="sm-59b">
         <name>halLcdSetAddress</name>
         <value>0x1129a</value>
         <object_component_ref idref="oc-59a"/>
      </symbol>
      <symbol id="sm-59c">
         <name>halLcdActive</name>
         <value>0x11266</value>
         <object_component_ref idref="oc-582"/>
      </symbol>
      <symbol id="sm-59d">
         <name>halLcdHLine</name>
         <value>0x1132a</value>
         <object_component_ref idref="oc-50a"/>
      </symbol>
      <symbol id="sm-59e">
         <name>halLcdPrint</name>
         <value>0x1059a</value>
         <object_component_ref idref="oc-5a5"/>
      </symbol>
      <symbol id="sm-59f">
         <name>halLcdCircle</name>
         <value>0x1088c</value>
         <object_component_ref idref="oc-568"/>
      </symbol>
      <symbol id="sm-5b3">
         <name>fonts_lookup</name>
         <value>0x6d4a</value>
         <object_component_ref idref="oc-5e2"/>
      </symbol>
      <symbol id="sm-5b4">
         <name>GrayScale_fonts</name>
         <value>0x5ca2</value>
         <object_component_ref idref="oc-5e8"/>
      </symbol>
      <symbol id="sm-5b5">
         <name>fonts</name>
         <value>0x64f6</value>
         <object_component_ref idref="oc-5e5"/>
      </symbol>
      <symbol id="sm-5be">
         <name>_stack</name>
         <value>0x5b60</value>
         <object_component_ref idref="oc-379"/>
      </symbol>
      <symbol id="sm-5bf">
         <name>_reset_vector</name>
         <value>0xfffe</value>
         <object_component_ref idref="oc-37c"/>
      </symbol>
      <symbol id="sm-5c9">
         <name>_c_int00_noargs_noexit</name>
         <value>0x5c6e</value>
         <object_component_ref idref="oc-ad"/>
      </symbol>
      <symbol id="sm-5e7">
         <name>__TI_decompress_lzss</name>
         <value>0x10e6c</value>
         <object_component_ref idref="oc-6d"/>
      </symbol>
      <symbol id="sm-5fd">
         <name>__TI_decompress_none</name>
         <value>0x115b6</value>
         <object_component_ref idref="oc-73"/>
      </symbol>
      <symbol id="sm-610">
         <name>__TI_zero_init</name>
         <value>0x11418</value>
         <object_component_ref idref="oc-8f"/>
      </symbol>
      <symbol id="sm-61a">
         <name>C$$EXIT</name>
         <value>0x11602</value>
         <object_component_ref idref="oc-3db"/>
      </symbol>
      <symbol id="sm-61b">
         <name>abort</name>
         <value>0x11602</value>
         <object_component_ref idref="oc-3db"/>
      </symbol>
      <symbol id="sm-61f">
         <name>__TI_int41</name>
         <value>0xffd2</value>
         <object_component_ref idref="oc-79"/>
      </symbol>
      <symbol id="sm-622">
         <name>__TI_int42</name>
         <value>0xffd4</value>
         <object_component_ref idref="oc-7a"/>
      </symbol>
      <symbol id="sm-625">
         <name>__TI_int43</name>
         <value>0xffd6</value>
         <object_component_ref idref="oc-7b"/>
      </symbol>
      <symbol id="sm-628">
         <name>__TI_int44</name>
         <value>0xffd8</value>
         <object_component_ref idref="oc-7c"/>
      </symbol>
      <symbol id="sm-62b">
         <name>__TI_int45</name>
         <value>0xffda</value>
         <object_component_ref idref="oc-7d"/>
      </symbol>
      <symbol id="sm-62e">
         <name>__TI_int46</name>
         <value>0xffdc</value>
         <object_component_ref idref="oc-7e"/>
      </symbol>
      <symbol id="sm-631">
         <name>__TI_int47</name>
         <value>0xffde</value>
         <object_component_ref idref="oc-7f"/>
      </symbol>
      <symbol id="sm-634">
         <name>__TI_int48</name>
         <value>0xffe0</value>
         <object_component_ref idref="oc-80"/>
      </symbol>
      <symbol id="sm-637">
         <name>__TI_int50</name>
         <value>0xffe4</value>
         <object_component_ref idref="oc-82"/>
      </symbol>
      <symbol id="sm-63a">
         <name>__TI_int51</name>
         <value>0xffe6</value>
         <object_component_ref idref="oc-83"/>
      </symbol>
      <symbol id="sm-63d">
         <name>__TI_int52</name>
         <value>0xffe8</value>
         <object_component_ref idref="oc-84"/>
      </symbol>
      <symbol id="sm-640">
         <name>__TI_int53</name>
         <value>0xffea</value>
         <object_component_ref idref="oc-85"/>
      </symbol>
      <symbol id="sm-643">
         <name>__TI_int54</name>
         <value>0xffec</value>
         <object_component_ref idref="oc-86"/>
      </symbol>
      <symbol id="sm-646">
         <name>__TI_int56</name>
         <value>0xfff0</value>
         <object_component_ref idref="oc-88"/>
      </symbol>
      <symbol id="sm-649">
         <name>__TI_int57</name>
         <value>0xfff2</value>
         <object_component_ref idref="oc-89"/>
      </symbol>
      <symbol id="sm-64c">
         <name>__TI_int58</name>
         <value>0xfff4</value>
         <object_component_ref idref="oc-8a"/>
      </symbol>
      <symbol id="sm-64f">
         <name>__TI_int60</name>
         <value>0xfff8</value>
         <object_component_ref idref="oc-8c"/>
      </symbol>
      <symbol id="sm-652">
         <name>__TI_int61</name>
         <value>0xfffa</value>
         <object_component_ref idref="oc-8d"/>
      </symbol>
      <symbol id="sm-655">
         <name>__TI_int62</name>
         <value>0xfffc</value>
         <object_component_ref idref="oc-8e"/>
      </symbol>
      <symbol id="sm-65d">
         <name>__TI_ISR_TRAP</name>
         <value>0x5c9a</value>
         <object_component_ref idref="oc-395"/>
      </symbol>
      <symbol id="sm-666">
         <name>__mspabi_slli</name>
         <value>0x115f8</value>
         <object_component_ref idref="oc-5c8"/>
      </symbol>
      <symbol id="sm-66e">
         <name>__mspabi_srll_8</name>
         <value>0x11244</value>
         <object_component_ref idref="oc-46f"/>
      </symbol>
      <symbol id="sm-66f">
         <name>__mspabi_srll_9</name>
         <value>0x11240</value>
         <object_component_ref idref="oc-46f"/>
      </symbol>
      <symbol id="sm-670">
         <name>__mspabi_srll_6</name>
         <value>0x1124c</value>
         <object_component_ref idref="oc-46f"/>
      </symbol>
      <symbol id="sm-671">
         <name>__mspabi_srll_7</name>
         <value>0x11248</value>
         <object_component_ref idref="oc-46f"/>
      </symbol>
      <symbol id="sm-672">
         <name>__mspabi_srll_4</name>
         <value>0x11254</value>
         <object_component_ref idref="oc-46f"/>
      </symbol>
      <symbol id="sm-673">
         <name>__mspabi_srll_5</name>
         <value>0x11250</value>
         <object_component_ref idref="oc-46f"/>
      </symbol>
      <symbol id="sm-674">
         <name>__mspabi_srll_2</name>
         <value>0x1125c</value>
         <object_component_ref idref="oc-46f"/>
      </symbol>
      <symbol id="sm-675">
         <name>__mspabi_srll_3</name>
         <value>0x11258</value>
         <object_component_ref idref="oc-46f"/>
      </symbol>
      <symbol id="sm-676">
         <name>__mspabi_srll_1</name>
         <value>0x11260</value>
         <object_component_ref idref="oc-46f"/>
      </symbol>
      <symbol id="sm-677">
         <name>__mspabi_srll_15</name>
         <value>0x11228</value>
         <object_component_ref idref="oc-46f"/>
      </symbol>
      <symbol id="sm-678">
         <name>__mspabi_srll_14</name>
         <value>0x1122c</value>
         <object_component_ref idref="oc-46f"/>
      </symbol>
      <symbol id="sm-679">
         <name>__mspabi_srll_13</name>
         <value>0x11230</value>
         <object_component_ref idref="oc-46f"/>
      </symbol>
      <symbol id="sm-67a">
         <name>__mspabi_srll_12</name>
         <value>0x11234</value>
         <object_component_ref idref="oc-46f"/>
      </symbol>
      <symbol id="sm-67b">
         <name>__mspabi_srll_11</name>
         <value>0x11238</value>
         <object_component_ref idref="oc-46f"/>
      </symbol>
      <symbol id="sm-67c">
         <name>__mspabi_srll_10</name>
         <value>0x1123c</value>
         <object_component_ref idref="oc-46f"/>
      </symbol>
      <symbol id="sm-68f">
         <name>memcpy</name>
         <value>0x115a2</value>
         <object_component_ref idref="oc-388"/>
      </symbol>
      <symbol id="sm-69a">
         <name>__mspabi_mpyi_f5hw</name>
         <value>0x11520</value>
         <object_component_ref idref="oc-4a1"/>
      </symbol>
      <symbol id="sm-6a4">
         <name>__mspabi_mpyl_f5hw</name>
         <value>0x11460</value>
         <object_component_ref idref="oc-46a"/>
      </symbol>
      <symbol id="sm-6ae">
         <name>_system_pre_init</name>
         <value>0x11608</value>
         <object_component_ref idref="oc-3b3"/>
      </symbol>
      <symbol id="sm-6d2">
         <name>_auto_init_hold_wdt</name>
         <value>0x10dea</value>
         <object_component_ref idref="oc-3b9"/>
      </symbol>
      <symbol id="sm-6e8">
         <name>copy_in</name>
         <value>0x1108a</value>
         <object_component_ref idref="oc-413"/>
      </symbol>
      <symbol id="sm-6f1">
         <name>_system_post_cinit</name>
         <value>0x1160c</value>
         <object_component_ref idref="oc-419"/>
      </symbol>
      <symbol id="sm-6f3">
         <name>__TI_BINIT_Base</name>
         <value>0x0</value>
      </symbol>
      <symbol id="sm-6f4">
         <name>__TI_BINIT_Limit</name>
         <value>0x0</value>
      </symbol>
      <symbol id="sm-6f5">
         <name>__TI_INITARRAY_Base</name>
         <value>0x0</value>
      </symbol>
      <symbol id="sm-6f6">
         <name>__TI_INITARRAY_Limit</name>
         <value>0x0</value>
      </symbol>
   </symbol_table>
   <title>Link successful</title>
</link_info>
